// Jest Snapshot v1, https://goo.gl/fbAQLP

exports[`should render DashboardPage correctly 1`] = `
<div
  className="header--dashboard"
>
  <Connect(PostsListFilters) />
  <Connect(PostsList) />
</div>
`;
