// Jest Snapshot v1, https://goo.gl/fbAQLP

exports[`should correctly render LoginPage 1`] = `
<div
  className="box-layout"
>
  <div
    className="box-layout__box"
  >
    <h1
      className="box-layout__title"
    >
      React Blog
    </h1>
    <p
      className="box-layout__subtitle"
    >
      Best Blog ever.
    </p>
    <button
      className="button google"
      onClick={[Function]}
    >
      Login with Google
    </button>
    <button
      className="button facebook"
      onClick={[Function]}
    >
      Login with Facebook
    </button>
  </div>
</div>
`;
